success: false
exit_code: 1
----- stdout -----

----- stderr -----
Error: invalid value provided for MCP transport: "blah"

