success: false
exit_code: 1
----- stdout -----

----- stderr -----
Error: jira-token cannot be empty

