success: false
exit_code: 1
----- stdout -----

----- stderr -----
Error: couldn't convert time delta to a number: strconv.Atoi: parsing "blah": invalid syntax

