success: false
exit_code: 1
----- stdout -----

----- stderr -----
Error: jira-username cannot be empty for cloud installation

