success: false
exit_code: 1
----- stdout -----

----- stderr -----
Error: jira-url cannot be empty

