success: false
exit_code: 1
----- stdout -----

----- stderr -----
Error: invalid value for jira installation type (allowed values: [onpremise, cloud])

