success: false
exit_code: 1
----- stdout -----

----- stderr -----
Error: fallback-comment cannot be empty

