success: false
exit_code: 1
----- stdout -----

----- stderr -----
Error: couldn't parse config file: open config/absent.toml: no such file or directory

